Archive member included because of file (symbol)

/usr/lib/gcc/avr/4.5.1/avr5/libgcc.a(_mulsi3.o)
                              main.o (__mulsi3)
/usr/lib/gcc/avr/4.5.1/avr5/libgcc.a(_udivmodqi4.o)
                              main.o (__udivmodqi4)
/usr/lib/gcc/avr/4.5.1/avr5/libgcc.a(_udivmodhi4.o)
                              main.o (__udivmodhi4)
/usr/lib/gcc/avr/4.5.1/avr5/libgcc.a(_divmodhi4.o)
                              main.o (__divmodhi4)
/usr/lib/gcc/avr/4.5.1/avr5/libgcc.a(_udivmodsi4.o)
                              main.o (__udivmodsi4)
/usr/lib/gcc/avr/4.5.1/avr5/libgcc.a(_prologue.o)
                              main.o (__prologue_saves__)
/usr/lib/gcc/avr/4.5.1/avr5/libgcc.a(_epilogue.o)
                              main.o (__epilogue_restores__)
/usr/lib/gcc/avr/4.5.1/avr5/libgcc.a(_exit.o)
                              /usr/lib/gcc/avr/4.5.1/../../../../avr/lib/avr5/crtm328p.o (exit)
/usr/lib/gcc/avr/4.5.1/avr5/libgcc.a(_tablejump.o)
                              main.o (__tablejump2__)
/usr/lib/gcc/avr/4.5.1/avr5/libgcc.a(_copy_data.o)
                              main.o (__do_copy_data)
/usr/lib/gcc/avr/4.5.1/avr5/libgcc.a(_clear_bss.o)
                              main.o (__do_clear_bss)
/usr/lib/gcc/avr/4.5.1/../../../../avr/lib/avr5/libc.a(sprintf.o)
                              main.o (sprintf)
/usr/lib/gcc/avr/4.5.1/../../../../avr/lib/avr5/libc.a(vfprintf_std.o)
                              /usr/lib/gcc/avr/4.5.1/../../../../avr/lib/avr5/libc.a(sprintf.o) (vfprintf)
/usr/lib/gcc/avr/4.5.1/../../../../avr/lib/avr5/libc.a(strnlen_P.o)
                              /usr/lib/gcc/avr/4.5.1/../../../../avr/lib/avr5/libc.a(vfprintf_std.o) (strnlen_P)
/usr/lib/gcc/avr/4.5.1/../../../../avr/lib/avr5/libc.a(strnlen.o)
                              /usr/lib/gcc/avr/4.5.1/../../../../avr/lib/avr5/libc.a(vfprintf_std.o) (strnlen)
/usr/lib/gcc/avr/4.5.1/../../../../avr/lib/avr5/libc.a(fputc.o)
                              /usr/lib/gcc/avr/4.5.1/../../../../avr/lib/avr5/libc.a(vfprintf_std.o) (fputc)
/usr/lib/gcc/avr/4.5.1/../../../../avr/lib/avr5/libc.a(ultoa_invert.o)
                              /usr/lib/gcc/avr/4.5.1/../../../../avr/lib/avr5/libc.a(vfprintf_std.o) (__ultoa_invert)

Allocating common symbols
Common symbol       size              file

PTX                 0x1               main.o
logFile             0x20              main.o
disp_buffer         0x200             main.o
nRF24L01_data       0x20              main.o
FileSystemObject    0x22e             main.o

Memory Configuration

Name             Origin             Length             Attributes
text             0x00000000         0x00020000         xr
data             0x00800060         0x0000ffa0         rw !x
eeprom           0x00810000         0x00010000         rw !x
*default*        0x00000000         0xffffffff

Linker script and memory map

Address of section .data set to 0x800100
LOAD /usr/lib/gcc/avr/4.5.1/../../../../avr/lib/avr5/crtm328p.o
LOAD main.o
LOAD /usr/lib/gcc/avr/4.5.1/avr5/libgcc.a
LOAD /usr/lib/gcc/avr/4.5.1/../../../../avr/lib/avr5/libc.a
LOAD /usr/lib/gcc/avr/4.5.1/avr5/libgcc.a

.hash
 *(.hash)

.dynsym
 *(.dynsym)

.dynstr
 *(.dynstr)

.gnu.version
 *(.gnu.version)

.gnu.version_d
 *(.gnu.version_d)

.gnu.version_r
 *(.gnu.version_r)

.rel.init
 *(.rel.init)

.rela.init
 *(.rela.init)

.rel.text
 *(.rel.text)
 *(.rel.text.*)
 *(.rel.gnu.linkonce.t*)

.rela.text
 *(.rela.text)
 *(.rela.text.*)
 *(.rela.gnu.linkonce.t*)

.rel.fini
 *(.rel.fini)

.rela.fini
 *(.rela.fini)

.rel.rodata
 *(.rel.rodata)
 *(.rel.rodata.*)
 *(.rel.gnu.linkonce.r*)

.rela.rodata
 *(.rela.rodata)
 *(.rela.rodata.*)
 *(.rela.gnu.linkonce.r*)

.rel.data
 *(.rel.data)
 *(.rel.data.*)
 *(.rel.gnu.linkonce.d*)

.rela.data
 *(.rela.data)
 *(.rela.data.*)
 *(.rela.gnu.linkonce.d*)

.rel.ctors
 *(.rel.ctors)

.rela.ctors
 *(.rela.ctors)

.rel.dtors
 *(.rel.dtors)

.rela.dtors
 *(.rela.dtors)

.rel.got
 *(.rel.got)

.rela.got
 *(.rela.got)

.rel.bss
 *(.rel.bss)

.rela.bss
 *(.rela.bss)

.rel.plt
 *(.rel.plt)

.rela.plt
 *(.rela.plt)

.text           0x00000000     0x40d0
 *(.vectors)
 .vectors       0x00000000       0x68 /usr/lib/gcc/avr/4.5.1/../../../../avr/lib/avr5/crtm328p.o
                0x00000000                __vectors
                0x00000000                __vector_default
 *(.vectors)
 *(.progmem.gcc*)
 .progmem.gcc_sw_table
                0x00000068       0x1e main.o
 *(.progmem*)
 .progmem.data  0x00000086      0x4fb main.o
                0x00000086                font
                0x00000582                . = ALIGN (0x2)
 *fill*         0x00000581        0x1 00
                0x00000582                __trampolines_start = .
 *(.trampolines)
 .trampolines   0x00000582        0x0 linker stubs
 *(.trampolines*)
                0x00000582                __trampolines_end = .
 *(.jumptables)
 *(.jumptables*)
 *(.lowtext)
 *(.lowtext*)
                0x00000582                __ctors_start = .
 *(.ctors)
                0x00000582                __ctors_end = .
                0x00000582                __dtors_start = .
 *(.dtors)
                0x00000582                __dtors_end = .
 SORT(*)(.ctors)
 SORT(*)(.dtors)
 *(.init0)
 .init0         0x00000582        0x0 /usr/lib/gcc/avr/4.5.1/../../../../avr/lib/avr5/crtm328p.o
                0x00000582                __init
 *(.init0)
 *(.init1)
 *(.init1)
 *(.init2)
 .init2         0x00000582        0xc /usr/lib/gcc/avr/4.5.1/../../../../avr/lib/avr5/crtm328p.o
 *(.init2)
 *(.init3)
 *(.init3)
 *(.init4)
 .init4         0x0000058e       0x16 /usr/lib/gcc/avr/4.5.1/avr5/libgcc.a(_copy_data.o)
                0x0000058e                __do_copy_data
 .init4         0x000005a4       0x10 /usr/lib/gcc/avr/4.5.1/avr5/libgcc.a(_clear_bss.o)
                0x000005a4                __do_clear_bss
 *(.init4)
 *(.init5)
 *(.init5)
 *(.init6)
 *(.init6)
 *(.init7)
 *(.init7)
 *(.init8)
 *(.init8)
 *(.init9)
 .init9         0x000005b4        0x8 /usr/lib/gcc/avr/4.5.1/../../../../avr/lib/avr5/crtm328p.o
 *(.init9)
 *(.text)
 .text          0x000005bc        0x4 /usr/lib/gcc/avr/4.5.1/../../../../avr/lib/avr5/crtm328p.o
                0x000005bc                __vector_22
                0x000005bc                __vector_1
                0x000005bc                __vector_24
                0x000005bc                __vector_12
                0x000005bc                __bad_interrupt
                0x000005bc                __vector_6
                0x000005bc                __vector_3
                0x000005bc                __vector_23
                0x000005bc                __vector_25
                0x000005bc                __vector_11
                0x000005bc                __vector_13
                0x000005bc                __vector_17
                0x000005bc                __vector_19
                0x000005bc                __vector_7
                0x000005bc                __vector_4
                0x000005bc                __vector_2
                0x000005bc                __vector_15
                0x000005bc                __vector_8
                0x000005bc                __vector_14
                0x000005bc                __vector_10
                0x000005bc                __vector_16
                0x000005bc                __vector_18
                0x000005bc                __vector_20
 .text          0x000005c0     0x3456 main.o
                0x0000084c                spi_init
                0x00000862                nRF24L01_init
                0x00000880                spi_transfer_array
                0x000008a6                spi_transmit_array
                0x000008c2                spi_transmit_byte
                0x000008ce                nRF24L01_write_register
                0x000008fc                nRF24L01_set_TADDR
                0x00000908                nRF24L01_set_RADDR
                0x00000918                nRF24L01_read_register
                0x00000944                nRF24L01_config_register
                0x0000096e                nRF24L01_RX_powerup
                0x0000097c                nRF24L01_config
                0x000009c4                nRF24L01_send
                0x000009f4                nRF24L01_get_data
                0x00000a2a                nRF24L01_data_ready
                0x00000a38                nRF24L01_powerdown
                0x00000a50                nRF24L01_interrupt
                0x00000a80                sleep_init
                0x00000a88                sleep_now
                0x00000a98                timer2_1ms_setup
                0x00000ab8                ADC_init
                0x00000ad4                init_ADC0
                0x00000aec                init_ADC1
                0x00000b06                init_ADC7
                0x00000b16                ADC_start_single_conversion
                0x00000b2e                ADC_shutdown
                0x00000b3a                get_adc_sample
                0x00000b6a                clust2sect
                0x00000bca                f_mount
                0x00000bfc                disk_initialize
                0x00000d66                disk_status
                0x00000d74                disk_read
                0x00000f58                disk_write
                0x00001116                put_fat
                0x000012f0                get_fat
                0x0000175e                f_read
                0x00001b98                f_open
                0x00002924                f_write
                0x00002cf4                disk_ioctl
                0x00002fc0                f_sync
                0x00003150                f_close
                0x0000316c                disk_timerproc
                0x0000318a                get_fattime
                0x00003194                drawchar
                0x000031d6                drawstring
                0x00003238                clear_buffer
                0x0000324c                spiwrite
                0x0000327c                st7565_command
                0x00003284                st7565_data
                0x0000328c                clear_screen
                0x000032c8                st7565_set_brightness
                0x000032de                st7565_init
                0x0000335c                write_buffer
                0x000033ca                setup
                0x00003420                disp_hms
                0x000034a2                i2s
                0x0000351e                init_sdcard
                0x00003580                sdcard_open
                0x0000361c                sdcard_close
                0x00003626                get_steps
                0x000036e6                __vector_9
                0x00003720                __vector_21
                0x00003734                __vector_5
                0x0000377c                main
 .text          0x00003a16        0x0 /usr/lib/gcc/avr/4.5.1/avr5/libgcc.a(_mulsi3.o)
 .text          0x00003a16        0x0 /usr/lib/gcc/avr/4.5.1/avr5/libgcc.a(_udivmodqi4.o)
 .text          0x00003a16        0x0 /usr/lib/gcc/avr/4.5.1/avr5/libgcc.a(_udivmodhi4.o)
 .text          0x00003a16        0x0 /usr/lib/gcc/avr/4.5.1/avr5/libgcc.a(_divmodhi4.o)
 .text          0x00003a16        0x0 /usr/lib/gcc/avr/4.5.1/avr5/libgcc.a(_udivmodsi4.o)
 .text          0x00003a16        0x0 /usr/lib/gcc/avr/4.5.1/avr5/libgcc.a(_prologue.o)
 .text          0x00003a16        0x0 /usr/lib/gcc/avr/4.5.1/avr5/libgcc.a(_epilogue.o)
 .text          0x00003a16        0x0 /usr/lib/gcc/avr/4.5.1/avr5/libgcc.a(_exit.o)
 .text          0x00003a16        0x0 /usr/lib/gcc/avr/4.5.1/avr5/libgcc.a(_tablejump.o)
 .text          0x00003a16        0x0 /usr/lib/gcc/avr/4.5.1/avr5/libgcc.a(_copy_data.o)
 .text          0x00003a16        0x0 /usr/lib/gcc/avr/4.5.1/avr5/libgcc.a(_clear_bss.o)
 .text          0x00003a16        0x0 /usr/lib/gcc/avr/4.5.1/../../../../avr/lib/avr5/libc.a(sprintf.o)
 .text          0x00003a16        0x0 /usr/lib/gcc/avr/4.5.1/../../../../avr/lib/avr5/libc.a(vfprintf_std.o)
 .text          0x00003a16        0x0 /usr/lib/gcc/avr/4.5.1/../../../../avr/lib/avr5/libc.a(strnlen_P.o)
 .text          0x00003a16        0x0 /usr/lib/gcc/avr/4.5.1/../../../../avr/lib/avr5/libc.a(strnlen.o)
 .text          0x00003a16        0x0 /usr/lib/gcc/avr/4.5.1/../../../../avr/lib/avr5/libc.a(fputc.o)
 .text          0x00003a16        0x0 /usr/lib/gcc/avr/4.5.1/../../../../avr/lib/avr5/libc.a(ultoa_invert.o)
                0x00003a16                . = ALIGN (0x2)
 *(.text.*)
 .text.libgcc   0x00003a16       0x3e /usr/lib/gcc/avr/4.5.1/avr5/libgcc.a(_mulsi3.o)
                0x00003a16                __mulsi3
 .text.libgcc   0x00003a54       0x18 /usr/lib/gcc/avr/4.5.1/avr5/libgcc.a(_udivmodqi4.o)
                0x00003a54                __udivmodqi4
 .text.libgcc   0x00003a6c       0x28 /usr/lib/gcc/avr/4.5.1/avr5/libgcc.a(_udivmodhi4.o)
                0x00003a6c                __udivmodhi4
 .text.libgcc   0x00003a94       0x26 /usr/lib/gcc/avr/4.5.1/avr5/libgcc.a(_divmodhi4.o)
                0x00003a94                __divmodhi4
                0x00003a94                _div
 .text.libgcc   0x00003aba       0x44 /usr/lib/gcc/avr/4.5.1/avr5/libgcc.a(_udivmodsi4.o)
                0x00003aba                __udivmodsi4
 .text.libgcc   0x00003afe       0x38 /usr/lib/gcc/avr/4.5.1/avr5/libgcc.a(_prologue.o)
                0x00003afe                __prologue_saves__
 .text.libgcc   0x00003b36       0x36 /usr/lib/gcc/avr/4.5.1/avr5/libgcc.a(_epilogue.o)
                0x00003b36                __epilogue_restores__
 .text.libgcc   0x00003b6c        0x0 /usr/lib/gcc/avr/4.5.1/avr5/libgcc.a(_exit.o)
 .text.libgcc   0x00003b6c        0xc /usr/lib/gcc/avr/4.5.1/avr5/libgcc.a(_tablejump.o)
                0x00003b6c                __tablejump2__
                0x00003b70                __tablejump__
 .text.libgcc   0x00003b78        0x0 /usr/lib/gcc/avr/4.5.1/avr5/libgcc.a(_copy_data.o)
 .text.libgcc   0x00003b78        0x0 /usr/lib/gcc/avr/4.5.1/avr5/libgcc.a(_clear_bss.o)
 .text.avr-libc
                0x00003b78       0x46 /usr/lib/gcc/avr/4.5.1/../../../../avr/lib/avr5/libc.a(sprintf.o)
                0x00003b78                sprintf
 .text.avr-libc
                0x00003bbe      0x3ce /usr/lib/gcc/avr/4.5.1/../../../../avr/lib/avr5/libc.a(vfprintf_std.o)
                0x00003bbe                vfprintf
 .text.avr-libc
                0x00003f8c       0x16 /usr/lib/gcc/avr/4.5.1/../../../../avr/lib/avr5/libc.a(strnlen_P.o)
                0x00003f8c                strnlen_P
 .text.avr-libc
                0x00003fa2       0x16 /usr/lib/gcc/avr/4.5.1/../../../../avr/lib/avr5/libc.a(strnlen.o)
                0x00003fa2                strnlen
 .text.avr-libc
                0x00003fb8       0x58 /usr/lib/gcc/avr/4.5.1/../../../../avr/lib/avr5/libc.a(fputc.o)
                0x00003fb8                fputc
 .text.avr-libc
                0x00004010       0xbc /usr/lib/gcc/avr/4.5.1/../../../../avr/lib/avr5/libc.a(ultoa_invert.o)
                0x00004010                __ultoa_invert
                0x000040cc                . = ALIGN (0x2)
 *(.fini9)
 .fini9         0x000040cc        0x0 /usr/lib/gcc/avr/4.5.1/avr5/libgcc.a(_exit.o)
                0x000040cc                exit
                0x000040cc                _exit
 *(.fini9)
 *(.fini8)
 *(.fini8)
 *(.fini7)
 *(.fini7)
 *(.fini6)
 *(.fini6)
 *(.fini5)
 *(.fini5)
 *(.fini4)
 *(.fini4)
 *(.fini3)
 *(.fini3)
 *(.fini2)
 *(.fini2)
 *(.fini1)
 *(.fini1)
 *(.fini0)
 .fini0         0x000040cc        0x4 /usr/lib/gcc/avr/4.5.1/avr5/libgcc.a(_exit.o)
 *(.fini0)
                0x000040d0                _etext = .

.data           0x00800100      0x140 load address 0x000040d0
                0x00800100                PROVIDE (__data_start, .)
 *(.data)
 .data          0x00800100        0x0 /usr/lib/gcc/avr/4.5.1/../../../../avr/lib/avr5/crtm328p.o
 .data          0x00800100      0x140 main.o
                0x008001ac                buffer
                0x008001ae                buffersize
                0x008001af                pagemap
 .data          0x00800240        0x0 /usr/lib/gcc/avr/4.5.1/avr5/libgcc.a(_mulsi3.o)
 .data          0x00800240        0x0 /usr/lib/gcc/avr/4.5.1/avr5/libgcc.a(_udivmodqi4.o)
 .data          0x00800240        0x0 /usr/lib/gcc/avr/4.5.1/avr5/libgcc.a(_udivmodhi4.o)
 .data          0x00800240        0x0 /usr/lib/gcc/avr/4.5.1/avr5/libgcc.a(_divmodhi4.o)
 .data          0x00800240        0x0 /usr/lib/gcc/avr/4.5.1/avr5/libgcc.a(_udivmodsi4.o)
 .data          0x00800240        0x0 /usr/lib/gcc/avr/4.5.1/avr5/libgcc.a(_prologue.o)
 .data          0x00800240        0x0 /usr/lib/gcc/avr/4.5.1/avr5/libgcc.a(_epilogue.o)
 .data          0x00800240        0x0 /usr/lib/gcc/avr/4.5.1/avr5/libgcc.a(_exit.o)
 .data          0x00800240        0x0 /usr/lib/gcc/avr/4.5.1/avr5/libgcc.a(_tablejump.o)
 .data          0x00800240        0x0 /usr/lib/gcc/avr/4.5.1/avr5/libgcc.a(_copy_data.o)
 .data          0x00800240        0x0 /usr/lib/gcc/avr/4.5.1/avr5/libgcc.a(_clear_bss.o)
 .data          0x00800240        0x0 /usr/lib/gcc/avr/4.5.1/../../../../avr/lib/avr5/libc.a(sprintf.o)
 .data          0x00800240        0x0 /usr/lib/gcc/avr/4.5.1/../../../../avr/lib/avr5/libc.a(vfprintf_std.o)
 .data          0x00800240        0x0 /usr/lib/gcc/avr/4.5.1/../../../../avr/lib/avr5/libc.a(strnlen_P.o)
 .data          0x00800240        0x0 /usr/lib/gcc/avr/4.5.1/../../../../avr/lib/avr5/libc.a(strnlen.o)
 .data          0x00800240        0x0 /usr/lib/gcc/avr/4.5.1/../../../../avr/lib/avr5/libc.a(fputc.o)
 .data          0x00800240        0x0 /usr/lib/gcc/avr/4.5.1/../../../../avr/lib/avr5/libc.a(ultoa_invert.o)
 *(.data*)
 *(.rodata)
 *(.rodata*)
 *(.gnu.linkonce.d*)
                0x00800240                . = ALIGN (0x2)
                0x00800240                _edata = .
                0x00800240                PROVIDE (__data_end, .)

.bss            0x00800240      0x478
                0x00800240                PROVIDE (__bss_start, .)
 *(.bss)
 .bss           0x00800240        0x0 /usr/lib/gcc/avr/4.5.1/../../../../avr/lib/avr5/crtm328p.o
 .bss           0x00800240        0x9 main.o
                0x00800240                ms_counter
 .bss           0x00800249        0x0 /usr/lib/gcc/avr/4.5.1/avr5/libgcc.a(_mulsi3.o)
 .bss           0x00800249        0x0 /usr/lib/gcc/avr/4.5.1/avr5/libgcc.a(_udivmodqi4.o)
 .bss           0x00800249        0x0 /usr/lib/gcc/avr/4.5.1/avr5/libgcc.a(_udivmodhi4.o)
 .bss           0x00800249        0x0 /usr/lib/gcc/avr/4.5.1/avr5/libgcc.a(_divmodhi4.o)
 .bss           0x00800249        0x0 /usr/lib/gcc/avr/4.5.1/avr5/libgcc.a(_udivmodsi4.o)
 .bss           0x00800249        0x0 /usr/lib/gcc/avr/4.5.1/avr5/libgcc.a(_prologue.o)
 .bss           0x00800249        0x0 /usr/lib/gcc/avr/4.5.1/avr5/libgcc.a(_epilogue.o)
 .bss           0x00800249        0x0 /usr/lib/gcc/avr/4.5.1/avr5/libgcc.a(_exit.o)
 .bss           0x00800249        0x0 /usr/lib/gcc/avr/4.5.1/avr5/libgcc.a(_tablejump.o)
 .bss           0x00800249        0x0 /usr/lib/gcc/avr/4.5.1/avr5/libgcc.a(_copy_data.o)
 .bss           0x00800249        0x0 /usr/lib/gcc/avr/4.5.1/avr5/libgcc.a(_clear_bss.o)
 .bss           0x00800249        0x0 /usr/lib/gcc/avr/4.5.1/../../../../avr/lib/avr5/libc.a(sprintf.o)
 .bss           0x00800249        0x0 /usr/lib/gcc/avr/4.5.1/../../../../avr/lib/avr5/libc.a(vfprintf_std.o)
 .bss           0x00800249        0x0 /usr/lib/gcc/avr/4.5.1/../../../../avr/lib/avr5/libc.a(strnlen_P.o)
 .bss           0x00800249        0x0 /usr/lib/gcc/avr/4.5.1/../../../../avr/lib/avr5/libc.a(strnlen.o)
 .bss           0x00800249        0x0 /usr/lib/gcc/avr/4.5.1/../../../../avr/lib/avr5/libc.a(fputc.o)
 .bss           0x00800249        0x0 /usr/lib/gcc/avr/4.5.1/../../../../avr/lib/avr5/libc.a(ultoa_invert.o)
 *(.bss*)
 *(COMMON)
 COMMON         0x00800249      0x46f main.o
                0x00800249                PTX
                0x0080024a                logFile
                0x0080026a                disp_buffer
                0x0080046a                nRF24L01_data
                0x0080048a                FileSystemObject
                0x008006b8                PROVIDE (__bss_end, .)
                0x000040d0                __data_load_start = LOADADDR (.data)
                0x00004210                __data_load_end = (__data_load_start + SIZEOF (.data))

.noinit         0x008006b8        0x0
                0x008006b8                PROVIDE (__noinit_start, .)
 *(.noinit*)
                0x008006b8                PROVIDE (__noinit_end, .)
                0x008006b8                _end = .
                0x008006b8                PROVIDE (__heap_start, .)

.eeprom         0x00810000        0x0
 *(.eeprom*)
                0x00810000                __eeprom_end = .

.stab           0x00000000     0x7da0
 *(.stab)
 .stab          0x00000000      0x6cc /usr/lib/gcc/avr/4.5.1/../../../../avr/lib/avr5/crtm328p.o
 .stab          0x000006cc     0x6078 main.o
                               0x6084 (size before relaxing)
 .stab          0x00006744      0x3cc /usr/lib/gcc/avr/4.5.1/../../../../avr/lib/avr5/libc.a(sprintf.o)
                                0x3d8 (size before relaxing)
 .stab          0x00006b10      0xaf8 /usr/lib/gcc/avr/4.5.1/../../../../avr/lib/avr5/libc.a(vfprintf_std.o)
                                0xcd8 (size before relaxing)
 .stab          0x00007608       0x9c /usr/lib/gcc/avr/4.5.1/../../../../avr/lib/avr5/libc.a(strnlen_P.o)
                                 0xa8 (size before relaxing)
 .stab          0x000076a4       0x9c /usr/lib/gcc/avr/4.5.1/../../../../avr/lib/avr5/libc.a(strnlen.o)
                                 0xa8 (size before relaxing)
 .stab          0x00007740      0x1e0 /usr/lib/gcc/avr/4.5.1/../../../../avr/lib/avr5/libc.a(fputc.o)
                                0x3c0 (size before relaxing)
 .stab          0x00007920      0x480 /usr/lib/gcc/avr/4.5.1/../../../../avr/lib/avr5/libc.a(ultoa_invert.o)
                                0x48c (size before relaxing)

.stabstr        0x00000000     0x2dbb
 *(.stabstr)
 .stabstr       0x00000000     0x2dbb /usr/lib/gcc/avr/4.5.1/../../../../avr/lib/avr5/crtm328p.o

.stab.excl
 *(.stab.excl)

.stab.exclstr
 *(.stab.exclstr)

.stab.index
 *(.stab.index)

.stab.indexstr
 *(.stab.indexstr)

.comment
 *(.comment)

.debug
 *(.debug)

.line
 *(.line)

.debug_srcinfo
 *(.debug_srcinfo)

.debug_sfnames
 *(.debug_sfnames)

.debug_aranges
 *(.debug_aranges)

.debug_pubnames
 *(.debug_pubnames)

.debug_info
 *(.debug_info)
 *(.gnu.linkonce.wi.*)

.debug_abbrev
 *(.debug_abbrev)

.debug_line
 *(.debug_line)

.debug_frame
 *(.debug_frame)

.debug_str
 *(.debug_str)

.debug_loc
 *(.debug_loc)

.debug_macinfo
 *(.debug_macinfo)
OUTPUT(main.obj elf32-avr)
LOAD linker stubs
